---
http_interactions:
- request:
    method: get
    uri: http://localhost:3333/
    body:
      encoding: US-ASCII
      string: ''
    headers:
      Connection:
      - close
      Host:
      - localhost:3333
      User-Agent:
      - http.rb/2.0.3
  response:
    status:
      code: 200
      message: OK
    headers:
      Content-Type:
      - application/json; charset=utf-8
      Content-Length:
      - '220'
      Etag:
      - W/"dc-Ih/pGLgpvks+3F32jvpYbw"
      Date:
      - Thu, 18 Aug 2016 13:04:43 GMT
      Connection:
      - close
    body:
      encoding: UTF-8
      string: '{"agentInfo":{"actions":{"init":{"args":["title"]},"addMessage":{"args":["message","author"]},"addTag":{"args":["tag"]}}},"storeInfo":{"adapter":{"name":"memory","description":"Stratumn
        memory store","version":"0.1.0"}}}'
    http_version: 
  recorded_at: Thu, 18 Aug 2016 13:04:43 GMT
- request:
    method: post
    uri: http://localhost:3333/segments
    body:
      encoding: UTF-8
      string: '["blah"]'
    headers:
      Connection:
      - close
      Content-Type:
      - application/json; charset=UTF-8
      Host:
      - localhost:3333
      User-Agent:
      - http.rb/2.0.3
  response:
    status:
      code: 200
      message: OK
    headers:
      Content-Type:
      - application/json; charset=utf-8
      Content-Length:
      - '525'
      Etag:
      - W/"20d-W9IuwznNXLDlQ7Ww1AzB3w"
      Date:
      - Thu, 18 Aug 2016 13:04:43 GMT
      Connection:
      - close
    body:
      encoding: UTF-8
      string: '{"link":{"state":{"title":"blah","messages":[],"updatedAt":1471525483843},"meta":{"mapId":"4e2a4325-11dd-4b50-9b32-be495c231882","priority":0,"stateHash":"ec30b2e9e508835fa3fe8663a8c616733d2fbda11ae4f83207fccf877e5fd438","action":"init","arguments":["blah"]}},"meta":{"linkHash":"7b92269d87733529e4c70a3e2b450d059f2de8da41a1385ffbcf1058d990af2b","evidence":{"state":"DISABLED"},"agentUrl":"http://localhost:3333","segmentUrl":"http://localhost:3333/segments/7b92269d87733529e4c70a3e2b450d059f2de8da41a1385ffbcf1058d990af2b"}}'
    http_version: 
  recorded_at: Thu, 18 Aug 2016 13:04:43 GMT
- request:
    method: get
    uri: http://localhost:3333/segments/7b92269d87733529e4c70a3e2b450d059f2de8da41a1385ffbcf1058d990af2b
    body:
      encoding: US-ASCII
      string: ''
    headers:
      Connection:
      - close
      Host:
      - localhost:3333
      User-Agent:
      - http.rb/2.0.3
  response:
    status:
      code: 200
      message: OK
    headers:
      Content-Type:
      - application/json; charset=utf-8
      Content-Length:
      - '525'
      Etag:
      - W/"20d-W9IuwznNXLDlQ7Ww1AzB3w"
      Date:
      - Thu, 18 Aug 2016 13:04:43 GMT
      Connection:
      - close
    body:
      encoding: UTF-8
      string: '{"link":{"state":{"title":"blah","messages":[],"updatedAt":1471525483843},"meta":{"mapId":"4e2a4325-11dd-4b50-9b32-be495c231882","priority":0,"stateHash":"ec30b2e9e508835fa3fe8663a8c616733d2fbda11ae4f83207fccf877e5fd438","action":"init","arguments":["blah"]}},"meta":{"linkHash":"7b92269d87733529e4c70a3e2b450d059f2de8da41a1385ffbcf1058d990af2b","evidence":{"state":"DISABLED"},"agentUrl":"http://localhost:3333","segmentUrl":"http://localhost:3333/segments/7b92269d87733529e4c70a3e2b450d059f2de8da41a1385ffbcf1058d990af2b"}}'
    http_version: 
  recorded_at: Thu, 18 Aug 2016 13:04:43 GMT
- request:
    method: post
    uri: http://localhost:3333/segments/7b92269d87733529e4c70a3e2b450d059f2de8da41a1385ffbcf1058d990af2b/addMessage
    body:
      encoding: UTF-8
      string: '["Hello, World!","Stratumn"]'
    headers:
      Connection:
      - close
      Content-Type:
      - application/json; charset=UTF-8
      Host:
      - localhost:3333
      User-Agent:
      - http.rb/2.0.3
  response:
    status:
      code: 200
      message: OK
    headers:
      Content-Type:
      - application/json; charset=utf-8
      Content-Length:
      - '680'
      Etag:
      - W/"2a8-Drb7MP9pGFOX72L5Q8exiw"
      Date:
      - Thu, 18 Aug 2016 13:04:43 GMT
      Connection:
      - close
    body:
      encoding: UTF-8
      string: '{"link":{"state":{"title":"blah","messages":[{"message":"Hello, World!","author":"Stratumn"}],"updatedAt":1471525483851},"meta":{"mapId":"4e2a4325-11dd-4b50-9b32-be495c231882","priority":1,"prevLinkHash":"7b92269d87733529e4c70a3e2b450d059f2de8da41a1385ffbcf1058d990af2b","stateHash":"3f610aab578b59e5a3cfe2fe2c8f96434a2061167932c281a38e5b2b69ab6bb0","action":"addMessage","arguments":["Hello,
        World!","Stratumn"]}},"meta":{"linkHash":"a574e0c91e81dee2ab6fe73d15cbef16fa42e502b88c295964a160675de8ce52","evidence":{"state":"DISABLED"},"agentUrl":"http://localhost:3333","segmentUrl":"http://localhost:3333/segments/a574e0c91e81dee2ab6fe73d15cbef16fa42e502b88c295964a160675de8ce52"}}'
    http_version: 
  recorded_at: Thu, 18 Aug 2016 13:04:43 GMT
recorded_with: VCR 3.0.3
